// Jest Snapshot v1, https://goo.gl/fbAQLP

exports[`HelpScreen Snapshot matches snapshot 1`] = `
<View
  style={
    [
      {
        "backgroundColor": "#fff",
      },
      {
        "flex": 1,
        "padding": 20,
      },
    ]
  }
>
  <View
    style={
      {
        "marginBottom": 20,
        "marginTop": 40,
      }
    }
  >
    <Text
      style={
        [
          {
            "color": "#11181C",
          },
          undefined,
          {
            "fontSize": 32,
            "fontWeight": "bold",
            "lineHeight": 32,
          },
          undefined,
          undefined,
          undefined,
          undefined,
        ]
      }
    >
      Help
    </Text>
  </View>
  <Text
    style={
      [
        {
          "color": "#11181C",
        },
        {
          "fontSize": 16,
          "lineHeight": 24,
        },
        undefined,
        undefined,
        undefined,
        undefined,
        undefined,
      ]
    }
  >
    Help and support resources will appear here.
  </Text>
</View>
`;
